2026-05-11 10:33:56 [INFO] Starting minecraft server version Beta 1.6.6
2026-05-11 10:33:56 [INFO] Important: This is a beta version, there may be errors in events.
2026-05-11 10:33:56 [INFO] Loading properties
2026-05-11 10:33:56 [WARNING] server.properties does not exist
2026-05-11 10:33:56 [INFO] Generating new properties file
2026-05-11 10:33:56 [INFO] Starting Minecraft server on *:25565
2026-05-11 10:33:56 [WARNING] Failed to load ban list: java.io.FileNotFoundException: banned-players.txt (Не удается найти указанный файл)
2026-05-11 10:33:56 [WARNING] Failed to load ip ban list: java.io.FileNotFoundException: banned-ips.txt (Не удается найти указанный файл)
2026-05-11 10:33:56 [WARNING] Failed to load ip ban list: java.io.FileNotFoundException: ops.txt (Не удается найти указанный файл)
2026-05-11 10:33:56 [WARNING] Failed to load white-list: java.io.FileNotFoundException: white-list.txt (Не удается найти указанный файл)
2026-05-11 10:33:56 [INFO] Preparing level "world"
2026-05-11 10:33:58 [INFO] Preparing start region for level 0
2026-05-11 10:33:59 [INFO] Preparing spawn area: 4%
2026-05-11 10:34:00 [INFO] Preparing spawn area: 8%
2026-05-11 10:34:01 [INFO] Preparing spawn area: 16%
2026-05-11 10:34:02 [INFO] Preparing spawn area: 20%
2026-05-11 10:34:03 [INFO] Preparing spawn area: 28%
2026-05-11 10:34:04 [INFO] Preparing spawn area: 36%
2026-05-11 10:34:05 [INFO] Preparing spawn area: 44%
2026-05-11 10:34:06 [INFO] Preparing spawn area: 52%
2026-05-11 10:34:07 [INFO] Preparing spawn area: 57%
2026-05-11 10:34:08 [INFO] Preparing spawn area: 65%
2026-05-11 10:34:09 [INFO] Preparing spawn area: 73%
2026-05-11 10:34:10 [INFO] Preparing spawn area: 77%
2026-05-11 10:34:11 [INFO] Preparing spawn area: 85%
2026-05-11 10:34:12 [INFO] Preparing spawn area: 93%
2026-05-11 10:34:13 [INFO] Preparing start region for level 1
2026-05-11 10:34:13 [INFO] Preparing spawn area: 0%
2026-05-11 10:34:14 [INFO] Preparing spawn area: 4%
2026-05-11 10:34:16 [INFO] Preparing spawn area: 8%
2026-05-11 10:34:16 [INFO] Done (19188477900ns)! For help, type "help" or "?"
2026-05-11 10:34:16 [INFO] Server initialized.
2026-05-11 10:34:16 [INFO] Stopping server
2026-05-11 10:34:16 [INFO] Saving chunks
2026-05-11 10:34:18 [INFO] Saving chunks
